
> backend@0.0.1 test
> jest

node.exe : FAIL src/modules/visits/visits.service.spec.ts
No linha:1 caractere:1
+ & "C:\Program Files\nodejs/node.exe" "C:\Program Files\nodejs/node_mo ...
+ ~~~~~~~~~~~~~~~~~~~~~~~~~~~~~~~~~~~~~~~~~~~~~~~~~~~~~~~~~~~~~~~~~~~~~
    + CategoryInfo          : NotSpecified: (FAIL src/module...service.spec.ts:String) [], RemoteException
    + FullyQualifiedErrorId : NativeCommandError
 
  ÔùÅ VisitsService ÔÇ║ book ÔÇ║ creates the visit with sanitized payload

    ZodError: [
      {
        "expected": "string",
        "code": "invalid_type",
        "path": [
          "street"
        ],
        "message": "Invalid input: expected string, received undefined"
      },
      {
        "expected": "string",
        "code": "invalid_type",
        "path": [
          "streetNumber"
        ],
        "message": "Invalid input: expected string, received undefined"
      },
      {
        "expected": "string",
        "code": "invalid_type",
        "path": [
          "neighborhood"
        ],
        "message": "Invalid input: expected string, received undefined"
      },
      {
        "expected": "string",
        "code": "invalid_type",
        "path": [
          "cityName"
        ],
        "message": "Invalid input: expected string, received undefined"
      },
      {
        "expected": "string",
        "code": "invalid_type",
        "path": [
          "stateCode"
        ],
        "message": "Invalid input: expected string, received undefined"
      },
      {
        "expected": "string",
        "code": "invalid_type",
        "path": [
          "requesterName"
        ],
        "message": "Invalid input: expected string, received undefined"
      },
      {
        "expected": "string",
        "code": "invalid_type",
        "path": [
          "serviceType"
        ],
        "message": "Invalid input: expected string, received undefined"
      },
      {
        "expected": "string",
        "code": "invalid_type",
        "path": [
          "description"
        ],
        "message": "Invalid input: expected string, received undefined"
      }
    ]

    [0m [90m 149 |[39m
     [90m 150 |[39m   [36masync[39m book(clientProfile[33m:[39m [33mProfile[39m[33m,[39m rawInput[33m:[39m 
unknown)[33m:[39m [33mPromise[39m[33m<[39m[33mVisit[39m[33m>[39m {
    [31m[1m>[22m[39m[90m 151 |[39m     [36mconst[39m input [33m=[39m 
[33mBookVisitSchema[39m[33m.[39mparse(rawInput)[33m;[39m
     [90m     |[39m                                   [31m[1m^[22m[39m
     [90m 152 |[39m
     [90m 153 |[39m     [90m// Prevent self-hire: check if the professional belongs to the booking client[39m
     [90m 154 |[39m     [36mconst[39m pro [33m=[39m [36mawait[39m 
[36mthis[39m[33m.[39mprofessionalsRepo[33m.[39mfindById(input[33m.[39mprofessionalId)[33m;[39m[0m

      at VisitsService.book (modules/visits/visits.service.ts:151:35)
      at Object.<anonymous> (modules/visits/visits.service.spec.ts:132:36)

  ÔùÅ VisitsService ÔÇ║ book ÔÇ║ translates unique-constraint (double booking) to Conflict

    expect(received).rejects.toBeInstanceOf(expected)

    Expected constructor: ConflictException
    Received constructor: ZodError

    [0m [90m 146 |[39m       [36mawait[39m expect(
     [90m 147 |[39m         service[33m.[39mbook(makeProfile()[33m,[39m validInput)[33m,[39m
    [31m[1m>[22m[39m[90m 148 |[39m       
)[33m.[39mrejects[33m.[39mtoBeInstanceOf([33mConflictException[39m)[33m;[39m
     [90m     |[39m                 [31m[1m^[22m[39m
     [90m 149 |[39m     })[33m;[39m
     [90m 150 |[39m
     [90m 151 |[39m     it([32m'rethrows non-constraint errors'[39m[33m,[39m [36masync[39m () [33m=>[39m 
{[0m

      at Object.toBeInstanceOf (../../../node_modules/expect/build/index.js:2155:20)
      at Object.<anonymous> (modules/visits/visits.service.spec.ts:148:17)

  ÔùÅ VisitsService ÔÇ║ book ÔÇ║ rethrows non-constraint errors

    expect(received).rejects.toThrow(expected)

    Expected pattern: /boom/
    Received message: "[
      {
        \"expected\": \"string\",
        \"code\": \"invalid_type\",
        \"path\": [
          \"street\"
        ],
        \"message\": \"Invalid input: expected string, received undefined\"
      },
      {
        \"expected\": \"string\",
        \"code\": \"invalid_type\",
        \"path\": [
          \"streetNumber\"
        ],
        \"message\": \"Invalid input: expected string, received undefined\"
      },
      {
        \"expected\": \"string\",
        \"code\": \"invalid_type\",
        \"path\": [
          \"neighborhood\"
        ],
        \"message\": \"Invalid input: expected string, received undefined\"
      },
      {
        \"expected\": \"string\",
        \"code\": \"invalid_type\",
        \"path\": [
          \"cityName\"
        ],
        \"message\": \"Invalid input: expected string, received undefined\"
      },
      {
        \"expected\": \"string\",
        \"code\": \"invalid_type\",
        \"path\": [
          \"stateCode\"
        ],
        \"message\": \"Invalid input: expected string, received undefined\"
      },
      {
        \"expected\": \"string\",
        \"code\": \"invalid_type\",
        \"path\": [
          \"requesterName\"
        ],
        \"message\": \"Invalid input: expected string, received undefined\"
      },
      {
        \"expected\": \"string\",
        \"code\": \"invalid_type\",
        \"path\": [
          \"serviceType\"
        ],
        \"message\": \"Invalid input: expected string, received undefined\"
      },
      {
        \"expected\": \"string\",
        \"code\": \"invalid_type\",
        \"path\": [
          \"description\"
        ],
        \"message\": \"Invalid input: expected string, received undefined\"
      }
    ]"

        [0m [90m 149 |[39m
         [90m 150 |[39m   [36masync[39m book(clientProfile[33m:[39m [33mProfile[39m[33m,[39m 
rawInput[33m:[39m unknown)[33m:[39m [33mPromise[39m[33m<[39m[33mVisit[39m[33m>[39m {
        [31m[1m>[22m[39m[90m 151 |[39m     [36mconst[39m input [33m=[39m 
[33mBookVisitSchema[39m[33m.[39mparse(rawInput)[33m;[39m
         [90m     |[39m                                   [31m[1m^[22m[39m
         [90m 152 |[39m
         [90m 153 |[39m     [90m// Prevent self-hire: check if the professional belongs to the booking client[39m
         [90m 154 |[39m     [36mconst[39m pro [33m=[39m [36mawait[39m 
[36mthis[39m[33m.[39mprofessionalsRepo[33m.[39mfindById(input[33m.[39mprofessionalId)[33m;[39m[0m

      at VisitsService.book (modules/visits/visits.service.ts:151:35)
      at Object.<anonymous> (modules/visits/visits.service.spec.ts:153:28)
      at Object.toThrow (../../../node_modules/expect/build/index.js:2155:20)
      at Object.<anonymous> (modules/visits/visits.service.spec.ts:153:69)

  ÔùÅ VisitsService ÔÇ║ cancel ÔÇ║ transitions confirmed ÔåÆ cancelled

    TypeError: this.worksRepo.cancelByVisitId is not a function

    [0m [90m 250 |[39m     )[33m;[39m
     [90m 251 |[39m     [90m// Cancel associated work (only if still scheduled)[39m
    [31m[1m>[22m[39m[90m 252 |[39m     [36mawait[39m 
[36mthis[39m[33m.[39mworksRepo[33m.[39mcancelByVisitId(id)[33m;[39m
     [90m     |[39m                          [31m[1m^[22m[39m
     [90m 253 |[39m     [90m// Notify the other party[39m
     [90m 254 |[39m     [36mconst[39m visitFull [33m=[39m visit [36mas[39m unknown [36mas[39m 
[33mVisitFull[39m[33m;[39m
     [90m 255 |[39m     [36mconst[39m professionalProfileId [33m=[39m 
visitFull[33m.[39mprofessionals[33m?[39m[33m.[39mprofile_id[33m;[39m[0m

      at VisitsService.cancel (modules/visits/visits.service.ts:252:26)
      at Object.<anonymous> (modules/visits/visits.service.spec.ts:238:7)

FAIL src/core/guards/clerk-auth.guard.spec.ts
  ÔùÅ ClerkAuthGuard ÔÇ║ clerk real mode ÔÇ║ returns existing profile when clerk_id found (UPSERT returns existing row)

    expect(jest.fn()).toHaveBeenCalledTimes(expected)

    Expected number of calls: 2
    Received number of calls: 3

    [0m [90m 185 |[39m
     [90m 186 |[39m       [90m// 2 queries: UPSERT profiles + getActiveRoles[39m
    [31m[1m>[22m[39m[90m 187 |[39m       
expect(db[33m.[39mquery)[33m.[39mtoHaveBeenCalledTimes([35m2[39m)[33m;[39m
     [90m     |[39m                        [31m[1m^[22m[39m
     [90m 188 |[39m       expect(request[33m.[39mprofile)[33m.[39mtoEqual(profile)[33m;[39m
     [90m 189 |[39m     })[33m;[39m
     [90m 190 |[39m[0m

      at Object.<anonymous> (core/guards/clerk-auth.guard.spec.ts:187:24)

  ÔùÅ ClerkAuthGuard ÔÇ║ clerk real mode ÔÇ║ ignores X-Dev-User-Id header in real mode (no impersonation path)

    expect(jest.fn()).toHaveBeenCalledWith(...expected)

    Expected: StringContaining "INSERT INTO profiles", ["user_real_123", "Alex"]
    Received
           1
              "INSERT INTO profiles (clerk_id, full_name, avatar_url, role)
           VALUES ($1, $2, $3, 'client')
           ON CONFLICT (clerk_id) DO UPDATE SET
             full_name = CASE
               WHEN profiles.full_name = 'Usu├írio' OR profiles.full_name = ''
                 THEN EXCLUDED.full_name
               ELSE profiles.full_name
             END,
             avatar_url = COALESCE(EXCLUDED.avatar_url, profiles.avatar_url),
             updated_at = now()
           RETURNING *",
              Array [
                "user_real_123",
                "Alex",
            +   null,
              ],
           2
              "INSERT INTO account_roles (profile_id, role, is_active, is_primary)
           VALUES ($1, 'client', true, true)
           ON CONFLICT (profile_id, role) DO NOTHING",
              Array [
            -   "user_real_123",
            -   "Alex",
            +   "00000000-0000-0000-0000-000000000001",
              ],
           3
              "SELECT role FROM account_roles WHERE profile_id = $1 AND is_active = true",
              Array [
            -   "user_real_123",
            -   "Alex",
            +   "00000000-0000-0000-0000-000000000001",
              ],

    Number of calls: 3

    [0m [90m 204 |[39m
     [90m 205 |[39m       [90m// Should call the UPSERT, not a plain SELECT[39m
    [31m[1m>[22m[39m[90m 206 |[39m       expect(db[33m.[39mquery)[33m.[39mtoHaveBeenCalledWith(
     [90m     |[39m                        [31m[1m^[22m[39m
     [90m 207 |[39m         expect[33m.[39mstringContaining([32m'INSERT INTO profiles'[39m)[33m,[39m
     [90m 208 |[39m         [[32m'user_real_123'[39m[33m,[39m [32m'Alex'[39m][33m,[39m
     [90m 209 |[39m       )[33m;[39m[0m

      at Object.<anonymous> (core/guards/clerk-auth.guard.spec.ts:206:24)

  ÔùÅ ClerkAuthGuard ÔÇ║ clerk real mode ÔÇ║ JIT-provisions a new client profile when clerk_id is unknown

    expect(jest.fn()).toHaveBeenNthCalledWith(n, ...expected)

    n: 1
    Expected: StringContaining "INSERT INTO profiles", ["user_new_456", "Alex Cesar"]
    Received
    ->     1
              "INSERT INTO profiles (clerk_id, full_name, avatar_url, role)
           VALUES ($1, $2, $3, 'client')
           ON CONFLICT (clerk_id) DO UPDATE SET
             full_name = CASE
               WHEN profiles.full_name = 'Usu├írio' OR profiles.full_name = ''
                 THEN EXCLUDED.full_name
               ELSE profiles.full_name
             END,
             avatar_url = COALESCE(EXCLUDED.avatar_url, profiles.avatar_url),
             updated_at = now()
           RETURNING *",
              Array [
                "user_new_456",
                "Alex Cesar",
            +   null,
              ],
           2: "INSERT INTO account_roles (profile_id, role, is_active, is_primary)
           VALUES ($1, 'client', true, true)
           ON CONFLICT (profile_id, role) DO NOTHING", ["00000000-0000-0000-0000-000000000001"]

    Number of calls: 3

    [0m [90m 226 |[39m       [36mawait[39m 
expect(guard[33m.[39mcanActivate(ctx))[33m.[39mresolves[33m.[39mtoBe([36mtrue[39m)[33m;[39m
     [90m 227 |[39m
    [31m[1m>[22m[39m[90m 228 |[39m       expect(db[33m.[39mquery)[33m.[39mtoHaveBeenNthCalledWith(
     [90m     |[39m                        [31m[1m^[22m[39m
     [90m 229 |[39m         [35m1[39m[33m,[39m
     [90m 230 |[39m         expect[33m.[39mstringContaining([32m'INSERT INTO profiles'[39m)[33m,[39m
     [90m 231 |[39m         [[32m'user_new_456'[39m[33m,[39m [32m'Alex Cesar'[39m][33m,[39m[0m

      at Object.<anonymous> (core/guards/clerk-auth.guard.spec.ts:228:24)

  ÔùÅ ClerkAuthGuard ÔÇ║ clerk real mode ÔÇ║ JIT uses token `name` claim when present (priority over first/last)

    expect(jest.fn()).toHaveBeenNthCalledWith(n, ...expected)

    n: 1
    Expected: Any<String>, ["user_new_789", "Maria Silva"]
    Received
    ->     1
              "INSERT INTO profiles (clerk_id, full_name, avatar_url, role)
           VALUES ($1, $2, $3, 'client')
           ON CONFLICT (clerk_id) DO UPDATE SET
             full_name = CASE
               WHEN profiles.full_name = 'Usu├írio' OR profiles.full_name = ''
                 THEN EXCLUDED.full_name
               ELSE profiles.full_name
             END,
             avatar_url = COALESCE(EXCLUDED.avatar_url, profiles.avatar_url),
             updated_at = now()
           RETURNING *",
              Array [
                "user_new_789",
                "Maria Silva",
            +   null,
              ],
           2: "INSERT INTO account_roles (profile_id, role, is_active, is_primary)
           VALUES ($1, 'client', true, true)
           ON CONFLICT (profile_id, role) DO NOTHING", ["00000000-0000-0000-0000-000000000001"]

    Number of calls: 3

    [0m [90m 250 |[39m       [36mawait[39m guard[33m.[39mcanActivate(ctx)[33m;[39m
     [90m 251 |[39m
    [31m[1m>[22m[39m[90m 252 |[39m       
expect(db[33m.[39mquery)[33m.[39mtoHaveBeenNthCalledWith([35m1[39m[33m,[39m 
expect[33m.[39many([33mString[39m)[33m,[39m [
     [90m     |[39m                        [31m[1m^[22m[39m
     [90m 253 |[39m         [32m'user_new_789'[39m[33m,[39m
     [90m 254 |[39m         [32m'Maria Silva'[39m[33m,[39m
     [90m 255 |[39m       ])[33m;[39m[0m

      at Object.<anonymous> (core/guards/clerk-auth.guard.spec.ts:252:24)

  ÔùÅ ClerkAuthGuard ÔÇ║ clerk real mode ÔÇ║ JIT falls back to "Usu├írio" when no name fields are present

    expect(jest.fn()).toHaveBeenNthCalledWith(n, ...expected)

    n: 1
    Expected: Any<String>, ["user_nameless", "Usu├írio"]
    Received
    ->     1
              "INSERT INTO profiles (clerk_id, full_name, avatar_url, role)
           VALUES ($1, $2, $3, 'client')
           ON CONFLICT (clerk_id) DO UPDATE SET
             full_name = CASE
               WHEN profiles.full_name = 'Usu├írio' OR profiles.full_name = ''
                 THEN EXCLUDED.full_name
               ELSE profiles.full_name
             END,
             avatar_url = COALESCE(EXCLUDED.avatar_url, profiles.avatar_url),
             updated_at = now()
           RETURNING *",
              Array [
                "user_nameless",
                "Usu├írio",
            +   null,
              ],
           2: "INSERT INTO account_roles (profile_id, role, is_active, is_primary)
           VALUES ($1, 'client', true, true)
           ON CONFLICT (profile_id, role) DO NOTHING", ["00000000-0000-0000-0000-000000000001"]

    Number of calls: 3

    [0m [90m 267 |[39m       [36mawait[39m guard[33m.[39mcanActivate(ctx)[33m;[39m
     [90m 268 |[39m
    [31m[1m>[22m[39m[90m 269 |[39m       
expect(db[33m.[39mquery)[33m.[39mtoHaveBeenNthCalledWith([35m1[39m[33m,[39m 
expect[33m.[39many([33mString[39m)[33m,[39m [
     [90m     |[39m                        [31m[1m^[22m[39m
     [90m 270 |[39m         [32m'user_nameless'[39m[33m,[39m
     [90m 271 |[39m         [32m'Usu├írio'[39m[33m,[39m
     [90m 272 |[39m       ])[33m;[39m[0m

      at Object.<anonymous> (core/guards/clerk-auth.guard.spec.ts:269:24)

FAIL src/modules/professionals/professionals.repository.spec.ts
  ÔùÅ ProfessionalsRepository ÔÇ║ search ÔÇö normaliza├º├úo de categorias de servi├ºo ÔÇ║ mapeia "el├®trico" para 
"eletric"

    expect(received).toBe(expected) // Object.is equality

    Expected: "eletric"
    Received: "Eletric"

    [0m [90m 185 |[39m     ])([32m'mapeia "%s" para "%s"'[39m[33m,[39m [36masync[39m (input[33m,[39m 
expected) [33m=>[39m {
     [90m 186 |[39m       [36mconst[39m result [33m=[39m [36mawait[39m captureServiceParam(input)[33m;[39m
    [31m[1m>[22m[39m[90m 187 |[39m       expect(result)[33m.[39mtoBe(expected)[33m;[39m
     [90m     |[39m                      [31m[1m^[22m[39m
     [90m 188 |[39m     })[33m;[39m
     [90m 189 |[39m
     [90m 190 |[39m     it([32m'preserva o termo original quando n├úo h├í mapeamento conhecido'[39m[33m,[39m 
[36masync[39m () [33m=>[39m {[0m

      at modules/professionals/professionals.repository.spec.ts:187:22

  ÔùÅ ProfessionalsRepository ÔÇ║ search ÔÇö normaliza├º├úo de categorias de servi├ºo ÔÇ║ mapeia "Reparos el├®tricos" 
para "eletric"

    expect(received).toBe(expected) // Object.is equality

    Expected: "eletric"
    Received: "Eletric"

    [0m [90m 185 |[39m     ])([32m'mapeia "%s" para "%s"'[39m[33m,[39m [36masync[39m (input[33m,[39m 
expected) [33m=>[39m {
     [90m 186 |[39m       [36mconst[39m result [33m=[39m [36mawait[39m captureServiceParam(input)[33m;[39m
    [31m[1m>[22m[39m[90m 187 |[39m       expect(result)[33m.[39mtoBe(expected)[33m;[39m
     [90m     |[39m                      [31m[1m^[22m[39m
     [90m 188 |[39m     })[33m;[39m
     [90m 189 |[39m
     [90m 190 |[39m     it([32m'preserva o termo original quando n├úo h├í mapeamento conhecido'[39m[33m,[39m 
[36masync[39m () [33m=>[39m {[0m

      at modules/professionals/professionals.repository.spec.ts:187:22

  ÔùÅ ProfessionalsRepository ÔÇ║ search ÔÇö normaliza├º├úo de categorias de servi├ºo ÔÇ║ mapeia "hidr├íulica" para 
"encanad"

    expect(received).toBe(expected) // Object.is equality

    Expected: "encanad"
    Received: "Encanad"

    [0m [90m 185 |[39m     ])([32m'mapeia "%s" para "%s"'[39m[33m,[39m [36masync[39m (input[33m,[39m 
expected) [33m=>[39m {
     [90m 186 |[39m       [36mconst[39m result [33m=[39m [36mawait[39m captureServiceParam(input)[33m;[39m
    [31m[1m>[22m[39m[90m 187 |[39m       expect(result)[33m.[39mtoBe(expected)[33m;[39m
     [90m     |[39m                      [31m[1m^[22m[39m
     [90m 188 |[39m     })[33m;[39m
     [90m 189 |[39m
     [90m 190 |[39m     it([32m'preserva o termo original quando n├úo h├í mapeamento conhecido'[39m[33m,[39m 
[36masync[39m () [33m=>[39m {[0m

      at modules/professionals/professionals.repository.spec.ts:187:22

  ÔùÅ ProfessionalsRepository ÔÇ║ search ÔÇö normaliza├º├úo de categorias de servi├ºo ÔÇ║ mapeia "encanador" para 
"encanad"

    expect(received).toBe(expected) // Object.is equality

    Expected: "encanad"
    Received: "Encanad"

    [0m [90m 185 |[39m     ])([32m'mapeia "%s" para "%s"'[39m[33m,[39m [36masync[39m (input[33m,[39m 
expected) [33m=>[39m {
     [90m 186 |[39m       [36mconst[39m result [33m=[39m [36mawait[39m captureServiceParam(input)[33m;[39m
    [31m[1m>[22m[39m[90m 187 |[39m       expect(result)[33m.[39mtoBe(expected)[33m;[39m
     [90m     |[39m                      [31m[1m^[22m[39m
     [90m 188 |[39m     })[33m;[39m
     [90m 189 |[39m
     [90m 190 |[39m     it([32m'preserva o termo original quando n├úo h├í mapeamento conhecido'[39m[33m,[39m 
[36masync[39m () [33m=>[39m {[0m

      at modules/professionals/professionals.repository.spec.ts:187:22

  ÔùÅ ProfessionalsRepository ÔÇ║ search ÔÇö normaliza├º├úo de categorias de servi├ºo ÔÇ║ mapeia "pintura" para 
"pintor"

    expect(received).toBe(expected) // Object.is equality

    Expected: "pintor"
    Received: "Pint"

    [0m [90m 185 |[39m     ])([32m'mapeia "%s" para "%s"'[39m[33m,[39m [36masync[39m (input[33m,[39m 
expected) [33m=>[39m {
     [90m 186 |[39m       [36mconst[39m result [33m=[39m [36mawait[39m captureServiceParam(input)[33m;[39m
    [31m[1m>[22m[39m[90m 187 |[39m       expect(result)[33m.[39mtoBe(expected)[33m;[39m
     [90m     |[39m                      [31m[1m^[22m[39m
     [90m 188 |[39m     })[33m;[39m
     [90m 189 |[39m
     [90m 190 |[39m     it([32m'preserva o termo original quando n├úo h├í mapeamento conhecido'[39m[33m,[39m 
[36masync[39m () [33m=>[39m {[0m

      at modules/professionals/professionals.repository.spec.ts:187:22

  ÔùÅ ProfessionalsRepository ÔÇ║ search ÔÇö normaliza├º├úo de categorias de servi├ºo ÔÇ║ mapeia "pedreiro" para 
"pedreir"

    expect(received).toBe(expected) // Object.is equality

    Expected: "pedreir"
    Received: "Pedreir"

    [0m [90m 185 |[39m     ])([32m'mapeia "%s" para "%s"'[39m[33m,[39m [36masync[39m (input[33m,[39m 
expected) [33m=>[39m {
     [90m 186 |[39m       [36mconst[39m result [33m=[39m [36mawait[39m captureServiceParam(input)[33m;[39m
    [31m[1m>[22m[39m[90m 187 |[39m       expect(result)[33m.[39mtoBe(expected)[33m;[39m
     [90m     |[39m                      [31m[1m^[22m[39m
     [90m 188 |[39m     })[33m;[39m
     [90m 189 |[39m
     [90m 190 |[39m     it([32m'preserva o termo original quando n├úo h├í mapeamento conhecido'[39m[33m,[39m 
[36masync[39m () [33m=>[39m {[0m

      at modules/professionals/professionals.repository.spec.ts:187:22

  ÔùÅ ProfessionalsRepository ÔÇ║ search ÔÇö normaliza├º├úo de categorias de servi├ºo ÔÇ║ mapeia "Marceneiro" para 
"marceneir"

    expect(received).toBe(expected) // Object.is equality

    Expected: "marceneir"
    Received: "Marceneir"

    [0m [90m 185 |[39m     ])([32m'mapeia "%s" para "%s"'[39m[33m,[39m [36masync[39m (input[33m,[39m 
expected) [33m=>[39m {
     [90m 186 |[39m       [36mconst[39m result [33m=[39m [36mawait[39m captureServiceParam(input)[33m;[39m
    [31m[1m>[22m[39m[90m 187 |[39m       expect(result)[33m.[39mtoBe(expected)[33m;[39m
     [90m     |[39m                      [31m[1m^[22m[39m
     [90m 188 |[39m     })[33m;[39m
     [90m 189 |[39m
     [90m 190 |[39m     it([32m'preserva o termo original quando n├úo h├í mapeamento conhecido'[39m[33m,[39m 
[36masync[39m () [33m=>[39m {[0m

      at modules/professionals/professionals.repository.spec.ts:187:22

  ÔùÅ ProfessionalsRepository ÔÇ║ search ÔÇö normaliza├º├úo de categorias de servi├ºo ÔÇ║ mapeia "diarista" para 
"diarista"

    expect(received).toBe(expected) // Object.is equality

    Expected: "diarista"
    Received: "Diari"

    [0m [90m 185 |[39m     ])([32m'mapeia "%s" para "%s"'[39m[33m,[39m [36masync[39m (input[33m,[39m 
expected) [33m=>[39m {
     [90m 186 |[39m       [36mconst[39m result [33m=[39m [36mawait[39m captureServiceParam(input)[33m;[39m
    [31m[1m>[22m[39m[90m 187 |[39m       expect(result)[33m.[39mtoBe(expected)[33m;[39m
     [90m     |[39m                      [31m[1m^[22m[39m
     [90m 188 |[39m     })[33m;[39m
     [90m 189 |[39m
     [90m 190 |[39m     it([32m'preserva o termo original quando n├úo h├í mapeamento conhecido'[39m[33m,[39m 
[36masync[39m () [33m=>[39m {[0m

      at modules/professionals/professionals.repository.spec.ts:187:22

  ÔùÅ ProfessionalsRepository ÔÇ║ search ÔÇö normaliza├º├úo de categorias de servi├ºo ÔÇ║ preserva o termo original 
quando n├úo h├í mapeamento conhecido

    expect(received).toBe(expected) // Object.is equality

    Expected: "pintor decorador especialista"
    Received: "Pint"

    [0m [90m 191 |[39m       [36mconst[39m result [33m=[39m [36mawait[39m captureServiceParam([32m'pintor 
decorador especialista'[39m)[33m;[39m
     [90m 192 |[39m       [90m// Nenhuma das chaves de mapeamento corresponde ÔåÆ usa o valor original[39m
    [31m[1m>[22m[39m[90m 193 |[39m       expect(result)[33m.[39mtoBe([32m'pintor decorador 
especialista'[39m)[33m;[39m
     [90m     |[39m                      [31m[1m^[22m[39m
     [90m 194 |[39m     })[33m;[39m
     [90m 195 |[39m   })[33m;[39m
     [90m 196 |[39m[0m

      at Object.<anonymous> (modules/professionals/professionals.repository.spec.ts:193:22)

FAIL src/modules/professionals/professionals.controller.spec.ts (5.229 s)
  ÔùÅ ProfessionalsController ÔÇ║ search ÔÇ║ returns only active professionals

    expect(jest.fn()).toHaveBeenCalledWith(...expected)

    - Expected
    + Received

      {},
    + "profile-uuid",

    Number of calls: 1

    [0m [90m 221 |[39m
     [90m 222 |[39m       expect(result)[33m.[39mtoEqual(activeResult)[33m;[39m
    [31m[1m>[22m[39m[90m 223 |[39m       
expect(service[33m.[39msearch)[33m.[39mtoHaveBeenCalledWith({})[33m;[39m
     [90m     |[39m                              [31m[1m^[22m[39m
     [90m 224 |[39m     })[33m;[39m
     [90m 225 |[39m
     [90m 226 |[39m     it([32m'passes query params to the service'[39m[33m,[39m [36masync[39m () [33m=>[39m 
{[0m

      at Object.<anonymous> (modules/professionals/professionals.controller.spec.ts:223:30)

  ÔùÅ ProfessionalsController ÔÇ║ search ÔÇ║ passes query params to the service

    expect(jest.fn()).toHaveBeenCalledWith(...expected)

    - Expected
    + Received

      {"limit": "10", "q": "Marceneiro"},
    + "profile-uuid",

    Number of calls: 1

    [0m [90m 229 |[39m       [36mawait[39m controller[33m.[39msearch({ q[33m:[39m 
[32m'Marceneiro'[39m[33m,[39m limit[33m:[39m [32m'10'[39m }[33m,[39m mockAccount)[33m;[39m
     [90m 230 |[39m
    [31m[1m>[22m[39m[90m 231 |[39m       expect(service[33m.[39msearch)[33m.[39mtoHaveBeenCalledWith({
     [90m     |[39m                              [31m[1m^[22m[39m
     [90m 232 |[39m         q[33m:[39m [32m'Marceneiro'[39m[33m,[39m
     [90m 233 |[39m         limit[33m:[39m [32m'10'[39m[33m,[39m
     [90m 234 |[39m       })[33m;[39m[0m

      at Object.<anonymous> (modules/professionals/professionals.controller.spec.ts:231:30)

FAIL src/modules/visits/visits.controller.spec.ts (5.018 s)
  ÔùÅ VisitsController ÔÇ║ visits ÔÇ║ should allow clients to book visits

    expect(jest.fn()).toHaveBeenCalledWith(...expected)

    - Expected
    + Received

    - "client-1",
    + {"avatar_id": null, "avatar_url": null, "clerk_id": "clerk-1", "created_at": "2026-04-26T22:32:47.582Z", 
"full_name": "Alex", "id": "client-1", "phone": null, "role": "client", "updated_at": "2026-04-26T22:32:47.583Z"},
      {"date": "today"},

    Number of calls: 1

    [0m [90m 181 |[39m       } [36mas[39m any)[33m;[39m
     [90m 182 |[39m       expect(result)[33m.[39mtoEqual(mockVisit)[33m;[39m
    [31m[1m>[22m[39m[90m 183 |[39m       
expect(service[33m.[39mbook)[33m.[39mtoHaveBeenCalledWith([32m'client-1'[39m[33m,[39m { date[33m:[39m 
[32m'today'[39m })[33m;[39m
     [90m     |[39m                            [31m[1m^[22m[39m
     [90m 184 |[39m     })[33m;[39m
     [90m 185 |[39m
     [90m 186 |[39m     it([32m'should block professionals from booking visits'[39m[33m,[39m () [33m=>[39m 
{[0m

      at Object.<anonymous> (modules/visits/visits.controller.spec.ts:183:28)

PASS src/modules/works/works.controller.spec.ts (5.188 s)
FAIL src/modules/account/account.controller.spec.ts (5.657 s)
  ÔùÅ AccountController ÔÇ║ activateProfessionalRole ÔÇ║ creates a new professionals record when none exists

    TypeError: Cannot destructure property 'rows' of '(intermediate value)' as it is undefined.

    [0m [90m 142 |[39m     )[33m;[39m
     [90m 143 |[39m
    [31m[1m>[22m[39m[90m 144 |[39m     [36mconst[39m { rows[33m:[39m roles } [33m=[39m [36mawait[39m 
[36mthis[39m[33m.[39mdb[33m.[39mquery[33m<[39m{ role[33m:[39m [33mUserRole[39m }[33m>[39m(
     [90m     |[39m                   [31m[1m^[22m[39m
     [90m 145 |[39m       [32m`SELECT role FROM account_roles WHERE profile_id = $1 AND is_active = 
true`[39m[33m,[39m
     [90m 146 |[39m       [profileId][33m,[39m
     [90m 147 |[39m     )[33m;[39m[0m

      at AccountController.activateProfessionalRole (modules/account/account.controller.ts:144:19)
      at Object.<anonymous> (modules/account/account.controller.spec.ts:83:22)

  ÔùÅ AccountController ÔÇ║ activateProfessionalRole ÔÇ║ reuses the existing professionals record on re-activation

    TypeError: Cannot destructure property 'rows' of '(intermediate value)' as it is undefined.

    [0m [90m 142 |[39m     )[33m;[39m
     [90m 143 |[39m
    [31m[1m>[22m[39m[90m 144 |[39m     [36mconst[39m { rows[33m:[39m roles } [33m=[39m [36mawait[39m 
[36mthis[39m[33m.[39mdb[33m.[39mquery[33m<[39m{ role[33m:[39m [33mUserRole[39m }[33m>[39m(
     [90m     |[39m                   [31m[1m^[22m[39m
     [90m 145 |[39m       [32m`SELECT role FROM account_roles WHERE profile_id = $1 AND is_active = 
true`[39m[33m,[39m
     [90m 146 |[39m       [profileId][33m,[39m
     [90m 147 |[39m     )[33m;[39m[0m

      at AccountController.activateProfessionalRole (modules/account/account.controller.ts:144:19)
      at Object.<anonymous> (modules/account/account.controller.spec.ts:107:22)

  ÔùÅ AccountController ÔÇ║ deactivate then reactivate preserves professional data ÔÇ║ re-activation reuses existing 
professional record

    TypeError: Cannot destructure property 'rows' of '(intermediate value)' as it is undefined.

    [0m [90m 142 |[39m     )[33m;[39m
     [90m 143 |[39m
    [31m[1m>[22m[39m[90m 144 |[39m     [36mconst[39m { rows[33m:[39m roles } [33m=[39m [36mawait[39m 
[36mthis[39m[33m.[39mdb[33m.[39mquery[33m<[39m{ role[33m:[39m [33mUserRole[39m }[33m>[39m(
     [90m     |[39m                   [31m[1m^[22m[39m
     [90m 145 |[39m       [32m`SELECT role FROM account_roles WHERE profile_id = $1 AND is_active = 
true`[39m[33m,[39m
     [90m 146 |[39m       [profileId][33m,[39m
     [90m 147 |[39m     )[33m;[39m[0m

      at AccountController.activateProfessionalRole (modules/account/account.controller.ts:144:19)
      at Object.<anonymous> (modules/account/account.controller.spec.ts:279:22)

PASS src/modules/professionals/professionals.service.spec.ts
PASS src/modules/material-lists/material-lists.controller.spec.ts
PASS src/modules/messages/messages.controller.spec.ts
PASS src/modules/orders/orders.controller.spec.ts

Test Suites: 6 failed, 5 passed, 11 total
Tests:       24 failed, 106 passed, 130 total
Snapshots:   0 total
Time:        9.166 s
Ran all test suites.
npm error Lifecycle script `test` failed with error:
npm error code 1
npm error path C:\Users\arrud\Desktop\projeto-ia\obra-facil\apps\backend
npm error workspace backend@0.0.1
npm error location C:\Users\arrud\Desktop\projeto-ia\obra-facil\apps\backend
npm error command failed
npm error command C:\WINDOWS\system32\cmd.exe /d /s /c jest
